Build complete! (4.07s)
􀟈  Test run started.
􀄵  Swift Version: 6.2.0
􀄵  Testing Library Version: swift-6.2-DEVELOPMENT-SNAPSHOT-2025-10-01-a
􀄵  OS Version: 26.0.1 (25A362)
􀟈  Test ec_entities_minimal_parse() started.
􀟈  Test block_policy_raw_preserves_verbatim() started.
􀟈  Test parse_entry_minimal() started.
􀟈  Test separated_list_variants() started.
􀟈  Test recover_until_yields_diagnostic_and_moves() started.
􀟈  Test lexing_smoke() started.
􀟈  Test parser_components_basic_primitives() started.
􀟈  Test grammar_map_and_list_values() started.
􀟈  Test block_policy_alt_delimiter_brackets() started.
􀟈  Test token_cut_prevents_backtracking() started.
􀟈  Test bin_docs_article_header_and_body_roundtrip() started.
􀟈  Test docs_index_and_article_headers() started.
􀟈  Test soft_identifier_blocks_reserved() started.
􀟈  Test parse_entry_with_date_and_emoji() started.
􀟈  Test grammar_optional_and_many_fields_validation() started.
􀟈  Test positioned_wraps_ranges() started.
􀟈  Test grammar_oneOf_paths() started.
􀟈  Test dot_path_only_for_now() started.
􁁛  Test separated_list_variants() passed after 0.003 seconds.
􁁛  Test token_cut_prevents_backtracking() passed after 0.003 seconds.
􁁛  Test parser_components_basic_primitives() passed after 0.004 seconds.
􁁛  Test soft_identifier_blocks_reserved() passed after 0.003 seconds.
􁁛  Test grammar_map_and_list_values() passed after 0.004 seconds.
􁁛  Test block_policy_alt_delimiter_brackets() passed after 0.003 seconds.
􁁛  Test parse_entry_with_date_and_emoji() passed after 0.003 seconds.
􁁛  Test block_policy_raw_preserves_verbatim() passed after 0.003 seconds.
􁁛  Test lexing_smoke() passed after 0.004 seconds.
􁁛  Test positioned_wraps_ranges() passed after 0.003 seconds.
􁁛  Test grammar_optional_and_many_fields_validation() passed after 0.004 seconds.
􁁛  Test parse_entry_minimal() passed after 0.004 seconds.
􁁛  Test recover_until_yields_diagnostic_and_moves() passed after 0.004 seconds.
􁁛  Test grammar_oneOf_paths() passed after 0.003 seconds.
􁁛  Test dot_path_only_for_now() passed after 0.003 seconds.
􀢄  Test bin_docs_article_header_and_body_roundtrip() recorded an issue at dynparsable-tests.swift:346:9: Expectation failed: (model.version?.major → nil) == 0
􀄵  model.version?.major: Swift.Optional<Swift.Int> → nil
􀄵  0: Swift.Optional<Swift.Int> → 0
􀢄  Test bin_docs_article_header_and_body_roundtrip() recorded an issue at dynparsable-tests.swift:347:9: Expectation failed: (model.version?.minor → nil) == 1
􀄵  model.version?.minor: Swift.Optional<Swift.Int> → nil
􀄵  1: Swift.Optional<Swift.Int> → 1
􀢄  Test bin_docs_article_header_and_body_roundtrip() recorded an issue at dynparsable-tests.swift:348:9: Expectation failed: (model.version?.patch → nil) == 0
􀄵  model.version?.patch: Swift.Optional<Swift.Int> → nil
􀄵  0: Swift.Optional<Swift.Int> → 0
􀢄  Test bin_docs_article_header_and_body_roundtrip() recorded an issue at dynparsable-tests.swift:349:9: Expectation failed: (model.sort?.primacy → nil) == 90
􀄵  model.sort?.primacy: Swift.Optional<Swift.Int> → nil
􀄵  90: Swift.Optional<Swift.Int> → 90
􀢄  Test bin_docs_article_header_and_body_roundtrip() recorded an issue at dynparsable-tests.swift:350:9: Expectation failed: (model.metadata?.duration_minutes → nil) == 8
􀄵  model.metadata?.duration_minutes: Swift.Optional<Swift.Int> → nil
􀄵  8: Swift.Optional<Swift.Int> → 8
􀢄  Test bin_docs_article_header_and_body_roundtrip() recorded an issue at dynparsable-tests.swift:351:9: Expectation failed: (model.metadata?.tags → nil) == (["basis","puppy","zit"] → ["basis", "puppy", "zit"])
􀄵  model.metadata?.tags: Swift.Optional<Swift.Array<Swift.String>> → nil
􀄵  ["basis","puppy","zit"]: Swift.Optional<Swift.Array<Swift.String>> → ["basis", "puppy", "zit"]
􀢄  Test bin_docs_article_header_and_body_roundtrip() recorded an issue at dynparsable-tests.swift:356:25: Issue recorded
􀄵  missing body.raw
􀢄  Test bin_docs_article_header_and_body_roundtrip() failed after 0.008 seconds with 7 issues.
􀄵  // ===== Test =====
􁁛  Test ec_entities_minimal_parse() passed after 0.011 seconds.
􁁛  Test docs_index_and_article_headers() passed after 0.012 seconds.
􀢄  Test run with 18 tests in 0 suites failed after 0.013 seconds with 7 issues.

--- SOURCE CODE ---

import Foundation
import Testing
import Parsers

// ===== Minimal BIN_DOCS-ish model =====
public struct SortWeights: Codable, Sendable, Equatable {
    public var primacy: Int?
    public var relevance: Int?
    public var engagement: Int?
    public var quality: Int?
    public var manual: Int?
}
public struct SortSpec: Codable, Sendable, Equatable {
    public var primacy: Int?
    public var relevance: Int?
    public var engagement: Int?
    public var manual: Int?
    public var weights: SortWeights?
    public var strategy: String?
}
public struct Semver: Codable, Sendable, Equatable {
    public var major: Int?
    public var minor: Int?
    public var patch: Int?
}
public struct ArticleMeta: Codable, Sendable, Equatable {
    public var published_at: String?
    public var duration_minutes: Int?
    public var tags: [String]?
}
public enum BodyNode: Codable, Sendable, Equatable { case raw(String) }

public struct ArticleDef: Codable, Sendable, Equatable {
    public var id: String?
    public var slug: String
    public var label: String?
    public var hide: Bool?
    public var version: Semver?
    public var sort: SortSpec?
    public var metadata: ArticleMeta?
    public var body: [BodyNode] = []
    public var category_id: String?

    public init(
        id: String? = nil, slug: String, label: String? = nil, hide: Bool? = nil,
        version: Semver? = nil, sort: SortSpec? = nil, metadata: ArticleMeta? = nil,
        body: [BodyNode] = [], category_id: String? = nil
    ) {
        self.id = id; self.slug = slug; self.label = label; self.hide = hide
        self.version = version; self.sort = sort; self.metadata = metadata
        self.body = body; self.category_id = category_id
    }
}

// ===== Docs-style lexing (body { … } is a string block) =====
private func docsPolicies() -> BlockPolicyTable {
    BlockPolicyTable(
        predetermined: [
            ["body"]: .init(
                delimiter: .braces,
                options: .init(trimWhitespace: true, unquoteIfWrapped: false, unescapeCommon: false, normalizeNewlines: true)
            )
        ],
        fallback: .init(
            delimiter: .braces,
            options: .init(trimWhitespace: true, unquoteIfWrapped: false, unescapeCommon: false, normalizeNewlines: true)
        )
    )
}

private let DocsLexingSets = LexingSets(
    keywords: [
        // top-level fields:
        "article", "label", "hide", "version", "sort", "metadata", "body",
        // atoms used in grammar:
        "self", "true", "false"
    ],
    idents: [],
    stringBlockKeywords: ["body"]
)

private func makeDocsCursor(_ source: String) -> TokenCursor {
    var opts = LexerOptions()
    opts.emit_whitespace = false
    opts.emit_comments = false
    opts.emit_newlines = true            // fields separated by newline/semicolon
    opts.block_string_policies = docsPolicies()
    var lx = Lexer(source: source, sets: DocsLexingSets, options: opts)
    let (tokens, lines) = lx.collectAllTokensWithLineMap()
    return TokenCursor(tokens, lineMap: lines, filePath: "fixtures/article.hdoc")
}

// ===== DynamicallyParsable conformance =====
extension ArticleDef: DynamicallyParsable {
    public static func parserComponents() -> ParserComponents {
        var pc = ParserComponents.basic()

        // body payload (lexer already emitted one string token for `body { … }`)
        pc.register("bodyPayload") { stringBlock("body") }

        // true/false as atoms (prefer keywords, allow bare identifiers too)
        pc.register("boolAtom") {
            let kwTrue  = TokenParsers.keyword(.raw("true")).map { SyntaxNode.atom("true") }
            let kwFalse = TokenParsers.keyword(.raw("false")).map { SyntaxNode.atom("false") }
            let kw      = kwTrue.orElse(kwFalse)

            let ident   = TokenParsers.identifier().map { SyntaxNode.atom($0) }
            return kw.orElse(ident)
        }

        // ["a","b","c"] → .list(.string)
        pc.register("stringArray") {
            let item = TokenParsers.string().map(SyntaxNode.string)
            return TokenParsers.brackets(separatedList(item: item, sep: .comma)).map(SyntaxNode.list)
        }

        // article(self|"<id>"|ident) → .map(["id": .string(..)])
        pc.register("articleHead") {
            let selfString = TokenParsers.keyword(.raw("self")).map { "self" }
            let stringOrId = AnyTokenParser<String> { ctx in
                if case .string(let s)?     = ctx.peek() { var n = ctx; n.advance(); return .success(s, n) }
                if case .identifier(let s)? = ctx.peek() { var n = ctx; n.advance(); return .success(s, n) }
                return .failure(Diagnostic("expected string or identifier"))
            }
            let idOrSelf = selfString.orElse(stringOrId)
            let inner    = idOrSelf.map { SyntaxNode.map(["id": .string($0)]) }

            // optionally consume leading `article` keyword, then parens:
            return optTokenWhere({ if case .keyword("article") = $0 { return true }; return false },
                                 then: TokenParsers.parens(inner))
                // absorb trailing blank lines so the next field starts clean:
                .then(AnyTokenParser(Expect(.newline)).many(min: 0))
                .map { iv, _ in iv }
        }

        return pc
    }

    public static func grammarNode() -> GrammarNode {
        GrammarNode(
            name: "articleDef",
            opener: nil,
            delimiter: .none,              // flat header
            order: .unordered,
            fields: [
                // article(self)
                GrammarField("article", .val("articleHead"), multiplicity: .one),

                GrammarField("label", .val("string"), multiplicity: .optional()),
                GrammarField("hide",  .val("boolAtom"), multiplicity: .optional()),

                // version { major 0; minor 1; patch 0 }   (accept ints/numbers/strings; unknown keys ok)
                GrammarField("version",
                             .map(.val("int"), sep: .semicolonOrNewline, allowUnknownKeys: true),
                             multiplicity: .optional()),

                // sort { primacy 90; ... }   (numbers/ints or nested numeric map; unknown keys ok)
                GrammarField("sort",
                             .map(.oneOf([.val("int"), .val("number"),
                                          .map(.oneOf([.val("int"), .val("number")]))]),
                                  sep: .semicolonOrNewline, allowUnknownKeys: true),
                             multiplicity: .optional()),

                // metadata { published_at "..."; duration_minutes 8; tags ["a","b"] }
                GrammarField("metadata",
                             .map(.oneOf([.val("string"), .val("int"), .val("stringArray")]),
                                  sep: .semicolonOrNewline, allowUnknownKeys: true),
                             multiplicity: .optional()),

                GrammarField("body", .val("bodyPayload"), multiplicity: .optional())
            ],
            validate: nil
        )
    }

    public static func makeCursor(for source: String) -> TokenCursor { makeDocsCursor(source) }

    public static func fromSyntax(_ node: SyntaxNode) throws -> Self {
        guard case let .map(m) = node else {
            throw NSError(domain: "ArticleDef", code: 1, userInfo: [NSLocalizedDescriptionKey: "expected map"])
        }

        // article.id
        var declaredId: String? = nil
        if case let .map(hm)? = m["article"], case let .string(s)? = hm["id"] {
            declaredId = (s == "self") ? nil : s
        }

        let label: String? = { if case let .string(s)? = m["label"] { return s }; return nil }()
        let hide: Bool? = {
            if case let .atom(a)? = m["hide"] { return a == "true" ? true : (a == "false" ? false : nil) }
            return nil
        }()

        let version: Semver? = {
            guard case let .map(vm)? = m["version"] else { return nil }
            func int(_ k: String) -> Int? {
                switch vm[k] {
                case .some(.number(let d)): return NSDecimalNumber(decimal: d).intValue
                case .some(.atom(let s)):   return Int(s)
                case .some(.string(let s)): return Int(s)
                default: return nil
                }
            }
            if vm.isEmpty { return nil }
            return Semver(major: int("major"), minor: int("minor"), patch: int("patch"))
        }()

        let sort: SortSpec? = {
            guard case let .map(sm)? = m["sort"] else { return nil }
            func int(_ k: String) -> Int? {
                switch sm[k] {
                case .some(.number(let d)): return NSDecimalNumber(decimal: d).intValue
                case .some(.atom(let s)):   return Int(s)
                case .some(.string(let s)): return Int(s)
                default: return nil
                }
            }
            let weights: SortWeights? = {
                guard case let .map(wm)? = sm["weights"] else { return nil }
                func wi(_ k: String) -> Int? {
                    switch wm[k] {
                    case .some(.number(let d)): return NSDecimalNumber(decimal: d).intValue
                    case .some(.atom(let s)):   return Int(s)
                    case .some(.string(let s)): return Int(s)
                    default: return nil
                    }
                }
                if wm.isEmpty { return nil }
                return SortWeights(
                    primacy: wi("primacy"),
                    relevance: wi("relevance"),
                    engagement: wi("engagement"),
                    quality: wi("quality"),
                    manual: wi("manual")
                )
            }()
            let strategy: String? = {
                if case let .string(s)? = sm["strategy"] { return s }
                if case let .atom(s)?   = sm["strategy"] { return s }
                return nil
            }()
            if sm.isEmpty, weights == nil, strategy == nil { return nil }
            return SortSpec(
                primacy: int("primacy"),
                relevance: int("relevance"),
                engagement: int("engagement"),
                manual: int("manual"),
                weights: weights,
                strategy: strategy
            )
        }()

        let metadata: ArticleMeta? = {
            guard case let .map(mm)? = m["metadata"] else { return nil }
            let published: String? = {
                if case let .string(s)? = mm["published_at"] { return s }
                if case let .atom(s)?   = mm["published_at"] { return s }
                return nil
            }()
            let duration: Int? = {
                switch mm["duration_minutes"] {
                case .some(.number(let d)): return NSDecimalNumber(decimal: d).intValue
                case .some(.atom(let s)):   return Int(s)
                case .some(.string(let s)): return Int(s)
                default: return nil
                }
            }()
            let tags: [String]? = {
                switch mm["tags"] {
                case .some(.list(let xs)):
                    return xs.compactMap {
                        if case let .string(s) = $0 { return s }
                        if case let .atom(s)   = $0 { return s }
                        return nil
                    }
                default: return nil
                }
            }()
            if published == nil, duration == nil, (tags == nil || tags?.isEmpty == true) { return nil }
            return ArticleMeta(published_at: published, duration_minutes: duration, tags: tags)
        }()

        let body: [BodyNode] = {
            if case let .string(s)? = m["body"] { return [.raw(s)] }
            return []
        }()

        let slug = declaredId ?? "self"
        return ArticleDef(id: declaredId, slug: slug, label: label, hide: hide,
                          version: version, sort: sort, metadata: metadata, body: body,
                          category_id: nil)
    }
}

private func collapseBlankLines(_ s: String) -> String {
    // turn 2+ blank lines (with optional whitespace) into a single "\n"
    let pattern = #"\n[ \t]*\n+"#
    return s.replacingOccurrences(of: pattern, with: "\n", options: .regularExpression)
}

// ===== Test =====
@Test
func bin_docs_article_header_and_body_roundtrip() {
    let fixture = #"""
    article(self)
        label = "Hoe Honden Leren"
        hide = true

        version {
           major = 0
           minor = 1
           patch = 0
        }

        sort {
            primacy = 90
            relevance = 50
            engagement = 20
            manual = 10
        }

        metadata {
            published_at = "2025-09-26T11:00:00Z"
            duration_minutes = 8
            tags = ["basis", "puppy", "zit"]
        }

        body {
            Allows

            Freer textinput
        }
    """#

    // parser prefers newlines as separators, but we collapse excessive blanks for stability
    let cur = ArticleDef.makeCursor(for: collapseBlankLines(fixture))
    let p   = ArticleDef.parser()

    switch p.parse(cur) {
    case .failure(let d):
        Issue.record("parse failed: \(d)")
    case .success(let model, _):
        #expect(model.label == "Hoe Honden Leren")
        #expect(model.hide == true)
        #expect(model.version?.major == 0)
        #expect(model.version?.minor == 1)
        #expect(model.version?.patch == 0)
        #expect(model.sort?.primacy == 90)
        #expect(model.metadata?.duration_minutes == 8)
        #expect(model.metadata?.tags == ["basis","puppy","zit"])
        if case let .raw(s) = model.body.first {
            #expect(s.contains("Allows"))
            #expect(s.contains("Freer textinput"))
        } else {
            Issue.record("missing body.raw")
        }
    }
}

--- NOTE ---

--- precontext ---
This is our Parsers test.
- first assess problems in tests themselves
- then consider if we may do a lot of savings by extending the original library
-- EO: precontext ---
